{
  "version": "1.5.0",
  "plugins_used": [
    {
      "name": "ArtifactoryDetector"
    },
    {
      "name": "AWSKeyDetector"
    },
    {
      "name": "AzureStorageKeyDetector"
    },
    {
      "name": "Base64HighEntropyString",
      "limit": 4.5
    },
    {
      "name": "BasicAuthDetector"
    },
    {
      "name": "CloudantDetector"
    },
    {
      "name": "DiscordBotTokenDetector"
    },
    {
      "name": "GitHubTokenDetector"
    },
    {
      "name": "GitLabTokenDetector"
    },
    {
      "name": "HexHighEntropyString",
      "limit": 3.0
    },
    {
      "name": "IbmCloudIamDetector"
    },
    {
      "name": "IbmCosHmacDetector"
    },
    {
      "name": "IPPublicDetector"
    },
    {
      "name": "JwtTokenDetector"
    },
    {
      "name": "KeywordDetector",
      "keyword_exclude": ""
    },
    {
      "name": "MailchimpDetector"
    },
    {
      "name": "NpmDetector"
    },
    {
      "name": "OpenAIDetector"
    },
    {
      "name": "PrivateKeyDetector"
    },
    {
      "name": "PypiTokenDetector"
    },
    {
      "name": "SendGridDetector"
    },
    {
      "name": "SlackDetector"
    },
    {
      "name": "SoftlayerDetector"
    },
    {
      "name": "SquareOAuthDetector"
    },
    {
      "name": "StripeDetector"
    },
    {
      "name": "TelegramBotTokenDetector"
    },
    {
      "name": "TwilioKeyDetector"
    }
  ],
  "filters_used": [
    {
      "path": "detect_secrets.filters.allowlist.is_line_allowlisted"
    },
    {
      "path": "detect_secrets.filters.common.is_ignored_due_to_verification_policies",
      "min_level": 2
    },
    {
      "path": "detect_secrets.filters.heuristic.is_indirect_reference"
    },
    {
      "path": "detect_secrets.filters.heuristic.is_likely_id_string"
    },
    {
      "path": "detect_secrets.filters.heuristic.is_lock_file"
    },
    {
      "path": "detect_secrets.filters.heuristic.is_not_alphanumeric_string"
    },
    {
      "path": "detect_secrets.filters.heuristic.is_potential_uuid"
    },
    {
      "path": "detect_secrets.filters.heuristic.is_prefixed_with_dollar_sign"
    },
    {
      "path": "detect_secrets.filters.heuristic.is_sequential_string"
    },
    {
      "path": "detect_secrets.filters.heuristic.is_swagger_file"
    },
    {
      "path": "detect_secrets.filters.heuristic.is_templated_secret"
    },
    {
      "path": "detect_secrets.filters.regex.should_exclude_file",
      "pattern": [
        "(^\\.claude/|tests/test_dates_hashes\\.py$|^node_modules/|^\\.venv/|^python/|^apps/estormi-macos/target/|^dist/|^graphify-out/|^coverage\\.json$|^pnpm-lock\\.yaml$|^\\.secrets\\.baseline$)"
      ]
    }
  ],
  "results": {
    "packages/web-ui/src/components/SourcesPanel.tsx": [
      {
        "type": "Secret Keyword",
        "filename": "packages/web-ui/src/components/SourcesPanel.tsx",
        "hashed_secret": "3add7b9612102f2a7dbe4ed4fe886e07e847c24d",
        "is_verified": false,
        "line_number": 58
      },
      {
        "type": "Secret Keyword",
        "filename": "packages/web-ui/src/components/SourcesPanel.tsx",
        "hashed_secret": "1d6e1cf70ec6f9ab28d3ea4b27a49a77654d370e",
        "is_verified": false,
        "line_number": 59
      },
      {
        "type": "Secret Keyword",
        "filename": "packages/web-ui/src/components/SourcesPanel.tsx",
        "hashed_secret": "e4ffacba5591440a14a08eac7aade57c603e17c0",
        "is_verified": false,
        "line_number": 60
      },
      {
        "type": "Secret Keyword",
        "filename": "packages/web-ui/src/components/SourcesPanel.tsx",
        "hashed_secret": "8f70031ced96f76162c14567f580be13c45b1358",
        "is_verified": false,
        "line_number": 61
      },
      {
        "type": "Secret Keyword",
        "filename": "packages/web-ui/src/components/SourcesPanel.tsx",
        "hashed_secret": "1797c127991edd4de9c8f1e7ae072791504bf16e",
        "is_verified": false,
        "line_number": 62
      },
      {
        "type": "Secret Keyword",
        "filename": "packages/web-ui/src/components/SourcesPanel.tsx",
        "hashed_secret": "c61d34e7f0b1d7237205c361321a7bedc29ede4c",
        "is_verified": false,
        "line_number": 63
      },
      {
        "type": "Secret Keyword",
        "filename": "packages/web-ui/src/components/SourcesPanel.tsx",
        "hashed_secret": "05be3ff6bae20f7213c0940e48d521becec0ddcf",
        "is_verified": false,
        "line_number": 64
      },
      {
        "type": "Secret Keyword",
        "filename": "packages/web-ui/src/components/SourcesPanel.tsx",
        "hashed_secret": "35ff4793f63f5b9a42b796cd458f5b4318812ab0",
        "is_verified": false,
        "line_number": 65
      },
      {
        "type": "Secret Keyword",
        "filename": "packages/web-ui/src/components/SourcesPanel.tsx",
        "hashed_secret": "ec96667ac8c50460893f4a00d5fdb401283145dd",
        "is_verified": false,
        "line_number": 66
      },
      {
        "type": "Secret Keyword",
        "filename": "packages/web-ui/src/components/SourcesPanel.tsx",
        "hashed_secret": "e6fb06210fafc02fd7479ddbed2d042cc3a5155e",
        "is_verified": false,
        "line_number": 67
      },
      {
        "type": "Secret Keyword",
        "filename": "packages/web-ui/src/components/SourcesPanel.tsx",
        "hashed_secret": "8904c9c0c83ecf63af8e8489b4324035fb7b6d75",
        "is_verified": false,
        "line_number": 68
      },
      {
        "type": "Secret Keyword",
        "filename": "packages/web-ui/src/components/SourcesPanel.tsx",
        "hashed_secret": "cce245fbd902da4ca7aeec1ed78d03ed730160a9",
        "is_verified": false,
        "line_number": 73
      }
    ],
    "tests/estormi_ingestion/test_google_calendar_auth.py": [
      {
        "type": "Secret Keyword",
        "filename": "tests/estormi_ingestion/test_google_calendar_auth.py",
        "hashed_secret": "920a25ef686c4f7ca6ad23dd109d3ad653161832",
        "is_verified": false,
        "line_number": 278
      }
    ],
    "tests/estormi_server/test_dates_hashes.py": [
      {
        "type": "Hex High Entropy String",
        "filename": "tests/estormi_server/test_dates_hashes.py",
        "hashed_secret": "90bd1b48e958257948487b90bee080ba5ed00caa",
        "is_verified": false,
        "line_number": 109
      }
    ]
  },
  "generated_at": "2026-06-09T22:34:41Z"
}
